// Jest Snapshot v1, https://goo.gl/fbAQLP

exports[`collect-changelog-from-tag should match package@version 1`] = `
Object {
  "changes": Object {
    "features": Array [
      "**textlint:** support --no-textlintrc ([466e257](https://github.com/textlint/textlint/commit/466e257))",
      "**textlint:** add tests for --no-textlintrc ([289deb3](https://github.com/textlint/textlint/commit/289deb3))",
      "**textlint:** pass textlintrc options for failure tests ([bc0804d](https://github.com/textlint/textlint/commit/bc0804d))",
      "**textlint:** simplify textlint --help test ([0d2114d](https://github.com/textlint/textlint/commit/0d2114d))",
    ],
    "fixes": Array [
      "**textlint:** check textlintrc option exists for internal use ([744da23](https://github.com/textlint/textlint/commit/744da23))",
    ],
  },
  "hasChanges": true,
  "name": "textlint",
  "version": "10.2.0",
}
`;
